Microchip MPLAB XC8 Compiler V1.41 ()

Linker command line:

-W-3 --edf=C:\Program Files (x86)\Microchip\xc8\v1.41\dat\en_msgs.txt -cs \
  -h+dist/default/production\display.X.production.sym \
  --cmf=dist/default/production\display.X.production.cmf -z -Q18F4550 \
  -oC:\Users\marcu\AppData\Local\Temp\s9bk.2 \
  -Mdist/default/production/display.X.production.map -E1 -ver=XC8 \
  -ASTACK=081h-07ffh -pstack=STACK -ACODE=00h-07FFFh -ACONST=00h-07FFFh \
  -ASMALLCONST=0800h-08FFhx120 -AMEDIUMCONST=0800h-07FFFh -ACOMRAM=01h-05Fh \
  -AABS1=00h-07FFh -ABIGRAM=01h-07FFh -ARAM=060h-0FFh,0100h-01FFhx7 \
  -ABANK0=060h-0FFh -ABANK1=0100h-01FFh -ABANK2=0200h-02FFh \
  -ABANK3=0300h-03FFh -ABANK4=0400h-04FFh -ABANK5=0500h-05FFh \
  -ABANK6=0600h-06FFh -ABANK7=0700h-07FFh -ASFR=0F60h-0FFFh \
  -preset_vec=00h,intcode,intcodelo=018h,powerup,init -pramtop=0800h \
  -psmallconst=SMALLCONST -pmediumconst=MEDIUMCONST -pconst=CONST \
  -AFARRAM=00h-00h -ACONFIG=0300000h-030000Dh -pconfig=CONFIG \
  -AIDLOC=0200000h-0200007h -pidloc=IDLOC -AEEDATA=0F00000h-0F000FFh \
  -peeprom_data=EEDATA \
  -prdata=COMRAM,nvrram=COMRAM,nvbit=COMRAM,rbss=COMRAM,rbit=COMRAM \
  -pfarbss=FARRAM,fardata=FARRAM,nvFARRAM=FARRAM \
  -pintsave_regs=BIGRAM,bigbss=BIGRAM,bigdata=BIGRAM -pbss=RAM \
  -pidata=CODE,irdata=CODE,ibigdata=CODE,ifardata=CODE -prparam=COMRAM \
  C:\Users\marcu\AppData\Local\Temp\s9bk.obj \
  dist/default/production\display.X.production.obj 

Object code version is 3.11

Machine type is 18F4550

Call graph: (short form)




                Name                               Link     Load   Length Selector   Space Scale
C:\Users\marcu\AppData\Local\Temp\s9bk.obj
                init                                100      100        4        C       0
                reset_vec                             0        0        4        0       0
                idloc                            200000   200000        8   200000       0
                config                           300000   300000        E   300000       0
dist/default/production\display.X.production.obj
                intcodelo                            18       18       E8        C       0
                temp                                 4D       4D        1        1       1
                smallconst                          800      800       62      400       0
                text34                             14C0     14C0       28      431       0
                text33                             1590     1590       10      431       0
                text32                             15B4     15B4        8      431       0
                text31                             1426     1426       3A      431       0
                text30                             156A     156A       16      431       0
                text29                             1580     1580       10      431       0
                text28                             15AC     15AC        8      431       0
                text27                             123A     123A       52      431       0
                text26                             13E8     13E8       3E      431       0
                text25                              D4A      D4A       A4      431       0
                text24                             154C     154C       1E      431       0
                text23                             152E     152E       1E      431       0
                text22                              BD2      BD2       D2      431       0
                text21                              FD6      FD6       62      431       0
                text20                              DEE      DEE       82      431       0
                text19                              862      862      1E6      431       0
                text18                             1460     1460       38      431       0
                text17                             1094     1094       5A      431       0
                text16                             12DA     12DA       4C      431       0
                text15                             10EE     10EE       56      431       0
                text14                             13AA     13AA       3E      431       0
                text13                             1038     1038       5C      431       0
                text12                             14E8     14E8       26      431       0
                text11                             11E8     11E8       52      431       0
                text10                             1368     1368       42      431       0
                text9                               A48      A48      18A      431       0
                text8                               CA4      CA4       A6      431       0
                text7                              1196     1196       52      431       0
                text6                              1144     1144       52      431       0
                text5                              128C     128C       4E      431       0
                text4                               E70      E70       80      431       0
                text3                               EF0      EF0       76      431       0
                text2                              150E     150E       20      431       0
                text1                              1498     1498       28      431       0
                text0                               F66      F66       70      431       0
                cstackCOMRAM                          1        1       21        1       1
                cstackBANK0                          60       60       11       60       1
                bssBANK0                             71       71       10       60       1
                dataCOMRAM                           41       41        C        1       1
                bssCOMRAM                            22       22       1F        1       1
                cinit                              1326     1326       42      431       0
                idataCOMRAM                        15A0     15A0        C      431       0

TOTAL           Name                               Link     Load   Length     Space
        CLASS   STACK          

        CLASS   CODE           
                intcodelo                            18       18       E8         0
                init                                100      100        4         0
                reset_vec                             0        0        4         0
                text34                             14C0     14C0       28         0
                text33                             1590     1590       10         0
                text32                             15B4     15B4        8         0
                text31                             1426     1426       3A         0
                text30                             156A     156A       16         0
                text29                             1580     1580       10         0
                text28                             15AC     15AC        8         0
                text27                             123A     123A       52         0
                text26                             13E8     13E8       3E         0
                text25                              D4A      D4A       A4         0
                text24                             154C     154C       1E         0
                text23                             152E     152E       1E         0
                text22                              BD2      BD2       D2         0
                text21                              FD6      FD6       62         0
                text20                              DEE      DEE       82         0
                text19                              862      862      1E6         0
                text18                             1460     1460       38         0
                text17                             1094     1094       5A         0
                text16                             12DA     12DA       4C         0
                text15                             10EE     10EE       56         0
                text14                             13AA     13AA       3E         0
                text13                             1038     1038       5C         0
                text12                             14E8     14E8       26         0
                text11                             11E8     11E8       52         0
                text10                             1368     1368       42         0
                text9                               A48      A48      18A         0
                text8                               CA4      CA4       A6         0
                text7                              1196     1196       52         0
                text6                              1144     1144       52         0
                text5                              128C     128C       4E         0
                text4                               E70      E70       80         0
                text3                               EF0      EF0       76         0
                text2                              150E     150E       20         0
                text1                              1498     1498       28         0
                text0                               F66      F66       70         0
                cinit                              1326     1326       42         0
                idataCOMRAM                        15A0     15A0        C         0

        CLASS   CONST          

        CLASS   SMALLCONST     
                smallconst                          800      800       62         0

        CLASS   MEDIUMCONST    

        CLASS   COMRAM         
                temp                                 4D       4D        1         1
                cstackCOMRAM                          1        1       21         1
                dataCOMRAM                           41       41        C         1
                bssCOMRAM                            22       22       1F         1

        CLASS   ABS1           

        CLASS   BIGRAM         

        CLASS   RAM            

        CLASS   BANK0          
                cstackBANK0                          60       60       11         1
                bssBANK0                             71       71       10         1

        CLASS   BANK1          

        CLASS   BANK2          

        CLASS   BANK3          

        CLASS   BANK4          

        CLASS   BANK5          

        CLASS   BANK6          

        CLASS   BANK7          

        CLASS   SFR            

        CLASS   FARRAM         

        CLASS   CONFIG         
                config                           300000   300000        E         0

        CLASS   IDLOC          
                idloc                            200000   200000        8         0

        CLASS   EEDATA         



SEGMENTS        Name                           Load    Length   Top    Selector   Space  Class

                reset_vec                      000000  000004  000004         0       0  CODE    
                cstackCOMRAM                   000001  00004D  00004E         1       1  COMRAM  
                intcodelo                      000018  0000EC  000104         C       0  CODE    
                cstackBANK0                    000060  000021  000081        60       1  BANK0   
                smallconst                     000800  000062  000862       400       0  SMALLCON
                text19                         000862  000D5A  0015BC       431       0  CODE    
                idloc                          200000  000008  200008    200000       0  IDLOC   
                config                         300000  00000E  30000E    300000       0  CONFIG  


UNUSED ADDRESS RANGES

        Name                Unused          Largest block    Delta
        BANK0            000081-0000FF               7F
        BANK1            000100-0001FF              100
        BANK2            000200-0002FF              100
        BANK3            000300-0003FF              100
        BANK4            000400-0004FF              100
        BANK5            000500-0005FF              100
        BANK6            000600-0006FF              100
        BANK7            000700-0007FF              100
        BIGRAM           00004E-00005F               12
                         000081-0007FF              77F
        CODE             000004-000017               14
                         000104-0007FF              6FC
                         0015BC-007FFF             6A44
        COMRAM           00004E-00005F               12
        CONST            000004-000017               14
                         000104-0007FF              6FC
                         0015BC-007FFF             6A44
        EEDATA           F00000-F000FF              100
        MEDIUMCONST      0015BC-007FFF             6A44
        RAM              000081-0007FF              100
        SFR              000F60-000FFF               A0
        SMALLCONST       0015BC-007FFF              100
        STACK            000081-0007FF              77F

                                  Symbol Table

?___lwdiv                    cstackCOMRAM 000012
?___lwmod                    cstackCOMRAM 000019
?_crc16                      cstackCOMRAM 000012
?_sprintf                    cstackBANK0  000060
Delay10KTCYx@unit            cstackCOMRAM 000013
Delay10TCYx@unit             cstackCOMRAM 000012
Delay1KTCYx@unit             cstackCOMRAM 000012
OpenXLCD@lcdtype             cstackCOMRAM 000017
SetDDRamAddr@DDaddr          cstackCOMRAM 000016
WriteCmdXLCD@cmd             cstackCOMRAM 000013
WriteDataXLCD@data           cstackCOMRAM 000013
_ADResult                    bssCOMRAM    000025
_BUFFCOM                     bssCOMRAM    00003A
_BUFFRESP                    bssCOMRAM    000033
_BusyXLCD                    text31       001426
_Delay10KTCYx                text30       00156A
_Delay10TCYx                 text33       001590
_Delay1KTCYx                 text29       001580
_DelayFor18TCY               text32       0015B4
_DelayPORXLCD                text28       0015AC
_INTCONbits                  (abs)        000FF2
_LATBbits                    (abs)        000F8A
_OpenXLCD                    text25       000D4A
_PEIE                        (abs)        007F96
_PIR1bits                    (abs)        000F9E
_PORTAbits                   (abs)        000F80
_PORTB                       (abs)        000F81
_PORTDbits                   (abs)        000F83
_RCIE                        (abs)        007CED
_RCIF                        (abs)        007CF5
_RCIP                        (abs)        007CFD
_RCREG                       (abs)        000FAE
_RCSTA                       (abs)        000FAB
_SPBRG                       (abs)        000FAF
_SetDDRamAddr                text27       00123A
_T0CONbits                   (abs)        000FD5
_TMR0                        (abs)        000FD6
_TMR0IF                      (abs)        007F92
_TRISA                       (abs)        000F92
_TRISB                       (abs)        000F93
_TRISBbits                   (abs)        000F93
_TRISCbits                   (abs)        000F94
_TXIF                        (abs)        007CF4
_TXREG                       (abs)        000FAD
_TXSTA                       (abs)        000FAC
_WriteCmdXLCD                text26       0013E8
_WriteDataXLCD               text14       0013AA
__CFG_PBADEN$OFF             (abs)        000000
__HRAM                       (abs)        000000
__Habs1                      abs1         000000
__Hbank0                     bank0        000000
__Hbank1                     bank1        000000
__Hbank2                     bank2        000000
__Hbank3                     bank3        000000
__Hbank4                     bank4        000000
__Hbank5                     bank5        000000
__Hbank6                     bank6        000000
__Hbank7                     bank7        000000
__Hbigbss                    bigbss       000000
__Hbigdata                   bigdata      000000
__Hbigram                    bigram       000000
__Hbss                       bss          000000
__HbssBANK0                  bssBANK0     000000
__HbssCOMRAM                 bssCOMRAM    000000
__Hcinit                     cinit        000000
__Hclrtext                   clrtext      000000
__Hcomram                    comram       000000
__Hconfig                    config       30000E
__Hconst                     const        000000
__HcstackBANK0               cstackBANK0  000000
__HcstackCOMRAM              cstackCOMRAM 000000
__Hdata                      data         000000
__HdataCOMRAM                dataCOMRAM   000000
__Heeprom_data               eeprom_data  000000
__Hfarbss                    farbss       000000
__Hfardata                   fardata      000000
__Hibigdata                  ibigdata     000000
__Hidata                     idata        000000
__HidataCOMRAM               idataCOMRAM  000000
__Hidloc                     idloc        200008
__Hifardata                  ifardata     000000
__Hinit                      init         000104
__Hintcode                   intcode      000004
__Hintcode_body              intcode_body 000000
__Hintcodelo                 intcodelo    000100
__Hintentry                  intentry     000000
__Hintret                    intret       000000
__Hintsave_regs              intsave_regs 000000
__Hirdata                    irdata       000000
__Hmediumconst               mediumconst  000000
__HnvFARRAM                  nvFARRAM     000000
__Hnvbit                     nvbit        000000
__Hnvrram                    nvrram       000000
__Hparam                     rparam       000000
__Hpowerup                   powerup      000100
__Hram                       ram          000000
__Hramtop                    ramtop       000800
__Hrbit                      rbit         000000
__Hrbss                      rbss         000000
__Hrdata                     rdata        000000
__Hreset_vec                 reset_vec    000004
__Hrparam                    rparam       000000
__Hsfr                       sfr          000000
__Hsmallconst                smallconst   000862
__Hspace_0                   (abs)        30000E
__Hspace_1                   (abs)        000081
__Hspace_2                   (abs)        000000
__Hstack                     stack        000000
__Hstruct                    struct       000000
__Htemp                      temp         00004E
__Htext                      text         000000
__Htext0                     text0        000000
__Htext1                     text1        000000
__Htext10                    text10       000000
__Htext11                    text11       000000
__Htext12                    text12       000000
__Htext13                    text13       000000
__Htext14                    text14       000000
__Htext15                    text15       000000
__Htext16                    text16       000000
__Htext17                    text17       000000
__Htext18                    text18       000000
__Htext19                    text19       000000
__Htext2                     text2        000000
__Htext20                    text20       000000
__Htext21                    text21       000000
__Htext22                    text22       000000
__Htext23                    text23       000000
__Htext24                    text24       000000
__Htext25                    text25       000000
__Htext26                    text26       000000
__Htext27                    text27       000000
__Htext28                    text28       000000
__Htext29                    text29       000000
__Htext3                     text3        000000
__Htext30                    text30       000000
__Htext31                    text31       000000
__Htext32                    text32       000000
__Htext33                    text33       000000
__Htext34                    text34       000000
__Htext4                     text4        000000
__Htext5                     text5        000000
__Htext6                     text6        000000
__Htext7                     text7        000000
__Htext8                     text8        000000
__Htext9                     text9        000000
__LRAM                       (abs)        000001
__Labs1                      abs1         000000
__Lbank0                     bank0        000000
__Lbank1                     bank1        000000
__Lbank2                     bank2        000000
__Lbank3                     bank3        000000
__Lbank4                     bank4        000000
__Lbank5                     bank5        000000
__Lbank6                     bank6        000000
__Lbank7                     bank7        000000
__Lbigbss                    bigbss       000000
__Lbigdata                   bigdata      000000
__Lbigram                    bigram       000000
__Lbss                       bss          000000
__LbssBANK0                  bssBANK0     000000
__LbssCOMRAM                 bssCOMRAM    000000
__Lcinit                     cinit        000000
__Lclrtext                   clrtext      000000
__Lcomram                    comram       000000
__Lconfig                    config       300000
__Lconst                     const        000000
__LcstackBANK0               cstackBANK0  000000
__LcstackCOMRAM              cstackCOMRAM 000000
__Ldata                      data         000000
__LdataCOMRAM                dataCOMRAM   000000
__Leeprom_data               eeprom_data  000000
__Lfarbss                    farbss       000000
__Lfardata                   fardata      000000
__Libigdata                  ibigdata     000000
__Lidata                     idata        000000
__LidataCOMRAM               idataCOMRAM  000000
__Lidloc                     idloc        200000
__Lifardata                  ifardata     000000
__Linit                      init         000100
__Lintcode                   intcode      000004
__Lintcode_body              intcode_body 000000
__Lintcodelo                 intcodelo    000018
__Lintentry                  intentry     000000
__Lintret                    intret       000000
__Lintsave_regs              intsave_regs 000000
__Lirdata                    irdata       000000
__Lmediumconst               mediumconst  000000
__LnvFARRAM                  nvFARRAM     000000
__Lnvbit                     nvbit        000000
__Lnvrram                    nvrram       000000
__Lparam                     rparam       000000
__Lpowerup                   powerup      000100
__Lram                       ram          000000
__Lramtop                    ramtop       000800
__Lrbit                      rbit         000000
__Lrbss                      rbss         000000
__Lrdata                     rdata        000000
__Lreset_vec                 reset_vec    000000
__Lrparam                    rparam       000000
__Lsfr                       sfr          000000
__Lsmallconst                smallconst   000800
__Lspace_0                   (abs)        000000
__Lspace_1                   (abs)        000000
__Lspace_2                   (abs)        000000
__Lstack                     stack        000000
__Lstruct                    struct       000000
__Ltemp                      temp         00004D
__Ltext                      text         000000
__Ltext0                     text0        000000
__Ltext1                     text1        000000
__Ltext10                    text10       000000
__Ltext11                    text11       000000
__Ltext12                    text12       000000
__Ltext13                    text13       000000
__Ltext14                    text14       000000
__Ltext15                    text15       000000
__Ltext16                    text16       000000
__Ltext17                    text17       000000
__Ltext18                    text18       000000
__Ltext19                    text19       000000
__Ltext2                     text2        000000
__Ltext20                    text20       000000
__Ltext21                    text21       000000
__Ltext22                    text22       000000
__Ltext23                    text23       000000
__Ltext24                    text24       000000
__Ltext25                    text25       000000
__Ltext26                    text26       000000
__Ltext27                    text27       000000
__Ltext28                    text28       000000
__Ltext29                    text29       000000
__Ltext3                     text3        000000
__Ltext30                    text30       000000
__Ltext31                    text31       000000
__Ltext32                    text32       000000
__Ltext33                    text33       000000
__Ltext34                    text34       000000
__Ltext4                     text4        000000
__Ltext5                     text5        000000
__Ltext6                     text6        000000
__Ltext7                     text7        000000
__Ltext8                     text8        000000
__Ltext9                     text9        000000
__S0                         (abs)        30000E
__S1                         (abs)        000081
__S2                         (abs)        000000
___inthi_sp                  stack        000000
___intlo_sp                  stack        000000
___lwdiv                     text11       0011E8
___lwdiv@counter             cstackCOMRAM 000016
___lwdiv@dividend            cstackCOMRAM 000012
___lwdiv@divisor             cstackCOMRAM 000014
___lwdiv@quotient            cstackCOMRAM 000017
___lwmod                     text10       001368
___lwmod@counter             cstackCOMRAM 00001D
___lwmod@dividend            cstackCOMRAM 000019
___lwmod@divisor             cstackCOMRAM 00001B
___param_bank                (abs)        000000
___rparam_used               (abs)        000001
___sp                        stack        000000
__accesstop                  (abs)        000060
__activetblptr               (abs)        000003
__end_of_BusyXLCD            text31       001460
__end_of_Delay10KTCYx        text30       001580
__end_of_Delay10TCYx         text33       0015A0
__end_of_Delay1KTCYx         text29       001590
__end_of_DelayFor18TCY       text32       0015BC
__end_of_DelayPORXLCD        text28       0015B4
__end_of_OpenXLCD            text25       000DEE
__end_of_SetDDRamAddr        text27       00128C
__end_of_WriteCmdXLCD        text26       001426
__end_of_WriteDataXLCD       text14       0013E8
__end_of___lwdiv             text11       00123A
__end_of___lwmod             text10       0013AA
__end_of__initialization     cinit        00135E
__end_of_calculaCRCBUFFRESP  text20       000E70
__end_of_crc16               text22       000CA4
__end_of_despertar           text34       0014E8
__end_of_dpowers             smallconst   00080B
__end_of_enviaByte           text23       00154C
__end_of_init_XLCD           text24       00156A
__end_of_limpa_tela          text12       00150E
__end_of_main                text0        000FD6
__end_of_maquinaEstado       text16       001326
__end_of_memcpy              text21       001038
__end_of_pic_isr             intcodelo    000100
__end_of_putrsXLCD           text13       001094
__end_of_sprintf             text9        000BD2
__end_of_tela_1              text8        000D4A
__end_of_tela_2              text7        0011E8
__end_of_tela_3              text6        001196
__end_of_tela_4              text5        0012DA
__end_of_telas               text4        000EF0
__end_of_trataComando        text19       000A48
__end_of_trata_data          text15       001144
__end_of_trata_despertador   text3        000F66
__end_of_trata_hora          text2        00152E
__end_of_troca_telas         text1        0014C0
__end_of_tx_data             text18       001498
__end_of_verificaCRCBUFFCOM  text17       0010EE
__initialization             cinit        001326
__mediumconst                mediumconst  000000
__pbssBANK0                  bssBANK0     000071
__pbssCOMRAM                 bssCOMRAM    000022
__pcinit                     cinit        001326
__pcstackBANK0               cstackBANK0  000060
__pcstackCOMRAM              cstackCOMRAM 000001
__pdataCOMRAM                dataCOMRAM   000041
__pidataCOMRAM               idataCOMRAM  0015A0
__pintcodelo                 intcodelo    000018
__psmallconst                smallconst   000800
__ptext0                     text0        000F66
__ptext1                     text1        001498
__ptext10                    text10       001368
__ptext11                    text11       0011E8
__ptext12                    text12       0014E8
__ptext13                    text13       001038
__ptext14                    text14       0013AA
__ptext15                    text15       0010EE
__ptext16                    text16       0012DA
__ptext17                    text17       001094
__ptext18                    text18       001460
__ptext19                    text19       000862
__ptext2                     text2        00150E
__ptext20                    text20       000DEE
__ptext21                    text21       000FD6
__ptext22                    text22       000BD2
__ptext23                    text23       00152E
__ptext24                    text24       00154C
__ptext25                    text25       000D4A
__ptext26                    text26       0013E8
__ptext27                    text27       00123A
__ptext28                    text28       0015AC
__ptext29                    text29       001580
__ptext3                     text3        000EF0
__ptext30                    text30       00156A
__ptext31                    text31       001426
__ptext32                    text32       0015B4
__ptext33                    text33       001590
__ptext34                    text34       0014C0
__ptext4                     text4        000E70
__ptext5                     text5        00128C
__ptext6                     text6        001144
__ptext7                     text7        001196
__ptext8                     text8        000CA4
__ptext9                     text9        000A48
__ramtop                     ramtop       000800
__size_of_BusyXLCD           (abs)        000000
__size_of_Delay10KTCYx       (abs)        000000
__size_of_Delay10TCYx        (abs)        000000
__size_of_Delay1KTCYx        (abs)        000000
__size_of_DelayFor18TCY      (abs)        000000
__size_of_DelayPORXLCD       (abs)        000000
__size_of_OpenXLCD           (abs)        000000
__size_of_SetDDRamAddr       (abs)        000000
__size_of_WriteCmdXLCD       (abs)        000000
__size_of_WriteDataXLCD      (abs)        000000
__size_of___lwdiv            (abs)        000000
__size_of___lwmod            (abs)        000000
__size_of_calculaCRCBUFFRESP (abs)        000000
__size_of_crc16              (abs)        000000
__size_of_despertar          (abs)        000000
__size_of_enviaByte          (abs)        000000
__size_of_init_XLCD          (abs)        000000
__size_of_limpa_tela         (abs)        000000
__size_of_main               (abs)        000000
__size_of_maquinaEstado      (abs)        000000
__size_of_memcpy             (abs)        000000
__size_of_pic_isr            (abs)        000000
__size_of_putrsXLCD          (abs)        000000
__size_of_sprintf            (abs)        000000
__size_of_tela_1             (abs)        000000
__size_of_tela_2             (abs)        000000
__size_of_tela_3             (abs)        000000
__size_of_tela_4             (abs)        000000
__size_of_telas              (abs)        000000
__size_of_trataComando       (abs)        000000
__size_of_trata_data         (abs)        000000
__size_of_trata_despertador  (abs)        000000
__size_of_trata_hora         (abs)        000000
__size_of_troca_telas        (abs)        000000
__size_of_tx_data            (abs)        000000
__size_of_verificaCRCBUFFCOM (abs)        000000
__smallconst                 smallconst   000800
_ano                         dataCOMRAM   000044
_buffer                      bssBANK0     000071
_calculaCRCBUFFRESP          text20       000DEE
_calcula_temp                bssCOMRAM    000029
_constante_ad                dataCOMRAM   000041
_contador_alarme             bssCOMRAM    00002B
_contador_interrupcao        bssCOMRAM    000030
_contador_um_segundo         bssCOMRAM    00002F
_crc16                       text22       000BD2
_desp_hora                   dataCOMRAM   000047
_desp_min                    dataCOMRAM   000046
_despertar                   text34       0014C0
_despertou                   bssCOMRAM    00002A
_dia                         dataCOMRAM   000049
_dpowers                     smallconst   000801
_enviaByte                   text23       00152E
_estado                      bssCOMRAM    000031
_hora                        bssCOMRAM    00002E
_i                           bssCOMRAM    000027
_init_XLCD                   text24       00154C
_limpa_tela                  text12       0014E8
_main                        text0        000F66
_maquinaEstado               text16       0012DA
_memcpy                      text21       000FD6
_mes                         dataCOMRAM   000048
_minuto                      bssCOMRAM    00002D
_pic_isr                     intcodelo    000018
_putrsXLCD                   text13       001038
_revisao                     dataCOMRAM   00004B
_segundo                     bssCOMRAM    00002C
_serial_data                 bssCOMRAM    000032
_sprintf                     text9        000A48
_tela_1                      text8        000CA4
_tela_2                      text7        001196
_tela_3                      text6        001144
_tela_4                      text5        00128C
_tela_atual                  dataCOMRAM   00004A
_telas                       text4        000E70
_temperatura                 bssCOMRAM    000022
_trataComando                text19       000862
_trata_data                  text15       0010EE
_trata_despertador           text3        000EF0
_trata_hora                  text2        00150E
_troca_telas                 text1        001498
_tx_data                     text18       001460
_verificaCRCBUFFCOM          text17       001094
_versao                      dataCOMRAM   00004C
btemp                        temp         00004D
calculaCRCBUFFRESP@crc       cstackBANK0  000062
calculaCRCBUFFRESP@crc1      cstackBANK0  000060
calculaCRCBUFFRESP@crc2      cstackBANK0  000061
crc16@crc                    cstackCOMRAM 00001D
crc16@data                   cstackCOMRAM 00001B
crc16@data_p                 cstackCOMRAM 000012
crc16@i                      cstackCOMRAM 00001A
crc16@length                 cstackCOMRAM 000014
end_of_initialization        cinit        00135E
enviaByte@BYTE               cstackCOMRAM 000012
int$flags                    temp         00004D
intlevel0                    text         000000
intlevel1                    text         000000
intlevel2                    text         000000
intlevel3                    text         000000
memcpy@d                     cstackCOMRAM 00001C
memcpy@d1                    cstackCOMRAM 000012
memcpy@n                     cstackCOMRAM 000017
memcpy@s                     cstackCOMRAM 000019
memcpy@s1                    cstackCOMRAM 000014
putrsXLCD@buffer             cstackCOMRAM 000014
sprintf@ap                   cstackBANK0  00006A
sprintf@c                    cstackBANK0  000070
sprintf@f                    cstackBANK0  000062
sprintf@flag                 cstackBANK0  00006C
sprintf@prec                 cstackBANK0  00006D
sprintf@sp                   cstackBANK0  000060
sprintf@val                  cstackBANK0  00006E
stackhi                      (abs)        0007FF
stacklo                      (abs)        000081
start                        init         000100
start_initialization         cinit        001326
telas@troca_tela             cstackCOMRAM 00001F
trataComando@iterator        cstackBANK0  000066
tx_data@cont                 cstackCOMRAM 000012
verificaCRCBUFFCOM@CRC_OK    cstackBANK0  000062
verificaCRCBUFFCOM@crc       cstackBANK0  000063
verificaCRCBUFFCOM@crc1      cstackBANK0  000060
verificaCRCBUFFCOM@crc2      cstackBANK0  000061


FUNCTION INFORMATION:

 *************** function _main *****************
 Defined at:
		line 299 in file "main.c"
 Parameters:    Size  Location     Type
		None
 Auto vars:     Size  Location     Type
		None
 Return value:  Size  Location     Type
                  1    wreg      void 
 Registers used:
		wreg, fsr0l, fsr0h, fsr2l, fsr2h, status,2, status,0, tblptrl, tblptrh, tblptru, prodl, prodh, cstack
 Tracked objects:
		On entry : 
		On exit  : 
		Unchanged: 
 Data sizes:     COMRAM   BANK0   BANK1   BANK2   BANK3   BANK4   BANK5   BANK6   BANK7
      Params:         0       0       0       0       0       0       0       0       0
      Locals:         0       0       0       0       0       0       0       0       0
      Temps:          0       0       0       0       0       0       0       0       0
      Totals:         0       0       0       0       0       0       0       0       0
Total ram usage:        0 bytes
 Hardware stack levels required when called:    8
 This function calls:
		_despertar
		_init_XLCD
		_maquinaEstado
		_telas
		_trata_data
		_trata_despertador
		_trata_hora
		_troca_telas
 This function is called by:
		Startup code after reset
 This function uses a non-reentrant model


 *************** function _troca_telas *****************
 Defined at:
		line 169 in file "main.c"
 Parameters:    Size  Location     Type
		None
 Auto vars:     Size  Location     Type
		None
 Return value:  Size  Location     Type
                  1    wreg      void 
 Registers used:
		wreg, fsr0l, fsr0h, fsr2l, fsr2h, status,2, status,0, tblptrl, tblptrh, tblptru, prodl, prodh, cstack
 Tracked objects:
		On entry : 
		On exit  : 
		Unchanged: 
 Data sizes:     COMRAM   BANK0   BANK1   BANK2   BANK3   BANK4   BANK5   BANK6   BANK7
      Params:         0       0       0       0       0       0       0       0       0
      Locals:         0       0       0       0       0       0       0       0       0
      Temps:          2       0       0       0       0       0       0       0       0
      Totals:         2       0       0       0       0       0       0       0       0
Total ram usage:        2 bytes
 Hardware stack levels used:    1
 Hardware stack levels required when called:    7
 This function calls:
		_telas
 This function is called by:
		_main
 This function uses a non-reentrant model


 *************** function _trata_hora *****************
 Defined at:
		line 227 in file "main.c"
 Parameters:    Size  Location     Type
		None
 Auto vars:     Size  Location     Type
		None
 Return value:  Size  Location     Type
                  1    wreg      void 
 Registers used:
		wreg, status,2, status,0
 Tracked objects:
		On entry : 
		On exit  : 
		Unchanged: 
 Data sizes:     COMRAM   BANK0   BANK1   BANK2   BANK3   BANK4   BANK5   BANK6   BANK7
      Params:         0       0       0       0       0       0       0       0       0
      Locals:         0       0       0       0       0       0       0       0       0
      Temps:          0       0       0       0       0       0       0       0       0
      Totals:         0       0       0       0       0       0       0       0       0
Total ram usage:        0 bytes
 Hardware stack levels used:    1
 Hardware stack levels required when called:    1
 This function calls:
		Nothing
 This function is called by:
		_main
 This function uses a non-reentrant model


 *************** function _trata_despertador *****************
 Defined at:
		line 177 in file "main.c"
 Parameters:    Size  Location     Type
		None
 Auto vars:     Size  Location     Type
		None
 Return value:  Size  Location     Type
                  1    wreg      void 
 Registers used:
		wreg, fsr0l, fsr0h, fsr2l, fsr2h, status,2, status,0, tblptrl, tblptrh, tblptru, prodl, prodh, cstack
 Tracked objects:
		On entry : 
		On exit  : 
		Unchanged: 
 Data sizes:     COMRAM   BANK0   BANK1   BANK2   BANK3   BANK4   BANK5   BANK6   BANK7
      Params:         0       0       0       0       0       0       0       0       0
      Locals:         0       0       0       0       0       0       0       0       0
      Temps:          2       0       0       0       0       0       0       0       0
      Totals:         2       0       0       0       0       0       0       0       0
Total ram usage:        2 bytes
 Hardware stack levels used:    1
 Hardware stack levels required when called:    7
 This function calls:
		_telas
 This function is called by:
		_main
 This function uses a non-reentrant model


 *************** function _telas *****************
 Defined at:
		line 142 in file "main.c"
 Parameters:    Size  Location     Type
  troca_tela      1    wreg     unsigned char 
 Auto vars:     Size  Location     Type
  troca_tela      1   30[COMRAM] unsigned char 
 Return value:  Size  Location     Type
                  1    wreg      void 
 Registers used:
		wreg, fsr0l, fsr0h, fsr2l, fsr2h, status,2, status,0, tblptrl, tblptrh, tblptru, prodl, prodh, cstack
 Tracked objects:
		On entry : 
		On exit  : 
		Unchanged: 
 Data sizes:     COMRAM   BANK0   BANK1   BANK2   BANK3   BANK4   BANK5   BANK6   BANK7
      Params:         0       0       0       0       0       0       0       0       0
      Locals:         1       0       0       0       0       0       0       0       0
      Temps:          0       0       0       0       0       0       0       0       0
      Totals:         1       0       0       0       0       0       0       0       0
Total ram usage:        1 bytes
 Hardware stack levels used:    1
 Hardware stack levels required when called:    6
 This function calls:
		_limpa_tela
		_tela_1
		_tela_2
		_tela_3
		_tela_4
 This function is called by:
		_troca_telas
		_trata_despertador
		_main
 This function uses a non-reentrant model


 *************** function _tela_4 *****************
 Defined at:
		line 125 in file "main.c"
 Parameters:    Size  Location     Type
		None
 Auto vars:     Size  Location     Type
		None
 Return value:  Size  Location     Type
                  1    wreg      void 
 Registers used:
		wreg, fsr0l, fsr0h, fsr2l, fsr2h, status,2, status,0, tblptrl, tblptrh, tblptru, prodl, prodh, cstack
 Tracked objects:
		On entry : 
		On exit  : 
		Unchanged: 
 Data sizes:     COMRAM   BANK0   BANK1   BANK2   BANK3   BANK4   BANK5   BANK6   BANK7
      Params:         0       0       0       0       0       0       0       0       0
      Locals:         0       0       0       0       0       0       0       0       0
      Temps:          0       0       0       0       0       0       0       0       0
      Totals:         0       0       0       0       0       0       0       0       0
Total ram usage:        0 bytes
 Hardware stack levels used:    1
 Hardware stack levels required when called:    5
 This function calls:
		_SetDDRamAddr
		_putrsXLCD
		_sprintf
 This function is called by:
		_telas
 This function uses a non-reentrant model


 *************** function _tela_3 *****************
 Defined at:
		line 117 in file "main.c"
 Parameters:    Size  Location     Type
		None
 Auto vars:     Size  Location     Type
		None
 Return value:  Size  Location     Type
                  1    wreg      void 
 Registers used:
		wreg, fsr0l, fsr0h, fsr2l, fsr2h, status,2, status,0, tblptrl, tblptrh, tblptru, prodl, prodh, cstack
 Tracked objects:
		On entry : 
		On exit  : 
		Unchanged: 
 Data sizes:     COMRAM   BANK0   BANK1   BANK2   BANK3   BANK4   BANK5   BANK6   BANK7
      Params:         0       0       0       0       0       0       0       0       0
      Locals:         0       0       0       0       0       0       0       0       0
      Temps:          0       0       0       0       0       0       0       0       0
      Totals:         0       0       0       0       0       0       0       0       0
Total ram usage:        0 bytes
 Hardware stack levels used:    1
 Hardware stack levels required when called:    5
 This function calls:
		_SetDDRamAddr
		_putrsXLCD
		_sprintf
 This function is called by:
		_telas
 This function uses a non-reentrant model


 *************** function _tela_2 *****************
 Defined at:
		line 108 in file "main.c"
 Parameters:    Size  Location     Type
		None
 Auto vars:     Size  Location     Type
		None
 Return value:  Size  Location     Type
                  1    wreg      void 
 Registers used:
		wreg, fsr0l, fsr0h, fsr2l, fsr2h, status,2, status,0, tblptrl, tblptrh, tblptru, prodl, prodh, cstack
 Tracked objects:
		On entry : 
		On exit  : 
		Unchanged: 
 Data sizes:     COMRAM   BANK0   BANK1   BANK2   BANK3   BANK4   BANK5   BANK6   BANK7
      Params:         0       0       0       0       0       0       0       0       0
      Locals:         0       0       0       0       0       0       0       0       0
      Temps:          0       0       0       0       0       0       0       0       0
      Totals:         0       0       0       0       0       0       0       0       0
Total ram usage:        0 bytes
 Hardware stack levels used:    1
 Hardware stack levels required when called:    5
 This function calls:
		_SetDDRamAddr
		_putrsXLCD
		_sprintf
 This function is called by:
		_telas
 This function uses a non-reentrant model


 *************** function _tela_1 *****************
 Defined at:
		line 89 in file "main.c"
 Parameters:    Size  Location     Type
		None
 Auto vars:     Size  Location     Type
		None
 Return value:  Size  Location     Type
                  1    wreg      void 
 Registers used:
		wreg, fsr0l, fsr0h, fsr2l, fsr2h, status,2, status,0, tblptrl, tblptrh, tblptru, prodl, prodh, cstack
 Tracked objects:
		On entry : 
		On exit  : 
		Unchanged: 
 Data sizes:     COMRAM   BANK0   BANK1   BANK2   BANK3   BANK4   BANK5   BANK6   BANK7
      Params:         0       0       0       0       0       0       0       0       0
      Locals:         0       0       0       0       0       0       0       0       0
      Temps:          0       0       0       0       0       0       0       0       0
      Totals:         0       0       0       0       0       0       0       0       0
Total ram usage:        0 bytes
 Hardware stack levels used:    1
 Hardware stack levels required when called:    5
 This function calls:
		_SetDDRamAddr
		_putrsXLCD
		_sprintf
 This function is called by:
		_telas
 This function uses a non-reentrant model


 *************** function _sprintf *****************
 Defined at:
		line 492 in file "C:\Program Files (x86)\Microchip\xc8\v1.41\sources\common\doprnt.c"
 Parameters:    Size  Location     Type
  sp              2    0[BANK0 ] PTR unsigned char 
		 -> buffer(16), 
  f               2    2[BANK0 ] PTR const unsigned char 
		 -> STR_10(5), STR_8(6), STR_6(6), STR_4(9), 
		 -> STR_2(9), 
 Auto vars:     Size  Location     Type
  tmpval          4    0        struct .
  cp              3    0        PTR const unsigned char 
  val             2   14[BANK0 ] unsigned int 
  ap              2   10[BANK0 ] PTR void [1]
		 -> ?_sprintf(2), 
  len             2    0        unsigned int 
  c               1   16[BANK0 ] char 
  prec            1   13[BANK0 ] char 
  flag            1   12[BANK0 ] unsigned char 
 Return value:  Size  Location     Type
                  2    0[BANK0 ] int 
 Registers used:
		wreg, fsr2l, fsr2h, status,2, status,0, tblptrl, tblptrh, tblptru, prodl, prodh, cstack
 Tracked objects:
		On entry : 
		On exit  : 
		Unchanged: 
 Data sizes:     COMRAM   BANK0   BANK1   BANK2   BANK3   BANK4   BANK5   BANK6   BANK7
      Params:         0      10       0       0       0       0       0       0       0
      Locals:         0       7       0       0       0       0       0       0       0
      Temps:          1       0       0       0       0       0       0       0       0
      Totals:         1      17       0       0       0       0       0       0       0
Total ram usage:       18 bytes
 Hardware stack levels used:    1
 Hardware stack levels required when called:    2
 This function calls:
		___lwdiv
		___lwmod
 This function is called by:
		_tela_1
		_tela_2
		_tela_3
		_tela_4
 This function uses a non-reentrant model


 *************** function ___lwmod *****************
 Defined at:
		line 8 in file "C:\Program Files (x86)\Microchip\xc8\v1.41\sources\common\lwmod.c"
 Parameters:    Size  Location     Type
  dividend        2   24[COMRAM] unsigned int 
  divisor         2   26[COMRAM] unsigned int 
 Auto vars:     Size  Location     Type
  counter         1   28[COMRAM] unsigned char 
 Return value:  Size  Location     Type
                  2   24[COMRAM] unsigned int 
 Registers used:
		wreg, status,2, status,0
 Tracked objects:
		On entry : 
		On exit  : 
		Unchanged: 
 Data sizes:     COMRAM   BANK0   BANK1   BANK2   BANK3   BANK4   BANK5   BANK6   BANK7
      Params:         4       0       0       0       0       0       0       0       0
      Locals:         1       0       0       0       0       0       0       0       0
      Temps:          0       0       0       0       0       0       0       0       0
      Totals:         5       0       0       0       0       0       0       0       0
Total ram usage:        5 bytes
 Hardware stack levels used:    1
 Hardware stack levels required when called:    1
 This function calls:
		Nothing
 This function is called by:
		_sprintf
 This function uses a non-reentrant model


 *************** function ___lwdiv *****************
 Defined at:
		line 8 in file "C:\Program Files (x86)\Microchip\xc8\v1.41\sources\common\lwdiv.c"
 Parameters:    Size  Location     Type
  dividend        2   17[COMRAM] unsigned int 
  divisor         2   19[COMRAM] unsigned int 
 Auto vars:     Size  Location     Type
  quotient        2   22[COMRAM] unsigned int 
  counter         1   21[COMRAM] unsigned char 
 Return value:  Size  Location     Type
                  2   17[COMRAM] unsigned int 
 Registers used:
		wreg, status,2, status,0
 Tracked objects:
		On entry : 
		On exit  : 
		Unchanged: 
 Data sizes:     COMRAM   BANK0   BANK1   BANK2   BANK3   BANK4   BANK5   BANK6   BANK7
      Params:         4       0       0       0       0       0       0       0       0
      Locals:         3       0       0       0       0       0       0       0       0
      Temps:          0       0       0       0       0       0       0       0       0
      Totals:         7       0       0       0       0       0       0       0       0
Total ram usage:        7 bytes
 Hardware stack levels used:    1
 Hardware stack levels required when called:    1
 This function calls:
		Nothing
 This function is called by:
		_sprintf
		_calcula_temperatura
 This function uses a non-reentrant model


 *************** function _limpa_tela *****************
 Defined at:
		line 134 in file "main.c"
 Parameters:    Size  Location     Type
		None
 Auto vars:     Size  Location     Type
		None
 Return value:  Size  Location     Type
                  1    wreg      void 
 Registers used:
		wreg, fsr0l, fsr0h, status,2, status,0, tblptrl, tblptrh, tblptru, cstack
 Tracked objects:
		On entry : 
		On exit  : 
		Unchanged: 
 Data sizes:     COMRAM   BANK0   BANK1   BANK2   BANK3   BANK4   BANK5   BANK6   BANK7
      Params:         0       0       0       0       0       0       0       0       0
      Locals:         0       0       0       0       0       0       0       0       0
      Temps:          0       0       0       0       0       0       0       0       0
      Totals:         0       0       0       0       0       0       0       0       0
Total ram usage:        0 bytes
 Hardware stack levels used:    1
 Hardware stack levels required when called:    5
 This function calls:
		_SetDDRamAddr
		_putrsXLCD
 This function is called by:
		_telas
 This function uses a non-reentrant model


 *************** function _putrsXLCD *****************
 Defined at:
		line 16 in file "C:\Program Files (x86)\Microchip\xc8\v1.41\sources\pic18\plib\XLCD\putrxlcd.c"
 Parameters:    Size  Location     Type
  buffer          2   19[COMRAM] PTR const unsigned char 
		 -> STR_12(17), STR_11(17), STR_9(8), STR_7(11), 
		 -> STR_5(7), STR_3(7), buffer(16), STR_1(7), 
 Auto vars:     Size  Location     Type
		None
 Return value:  Size  Location     Type
                  1    wreg      void 
 Registers used:
		wreg, fsr0l, fsr0h, status,2, status,0, tblptrl, tblptrh, tblptru, cstack
 Tracked objects:
		On entry : 
		On exit  : 
		Unchanged: 
 Data sizes:     COMRAM   BANK0   BANK1   BANK2   BANK3   BANK4   BANK5   BANK6   BANK7
      Params:         2       0       0       0       0       0       0       0       0
      Locals:         0       0       0       0       0       0       0       0       0
      Temps:          0       0       0       0       0       0       0       0       0
      Totals:         2       0       0       0       0       0       0       0       0
Total ram usage:        2 bytes
 Hardware stack levels used:    1
 Hardware stack levels required when called:    4
 This function calls:
		_BusyXLCD
		_WriteDataXLCD
 This function is called by:
		_tela_1
		_tela_2
		_tela_3
		_tela_4
		_limpa_tela
 This function uses a non-reentrant model


 *************** function _WriteDataXLCD *****************
 Defined at:
		line 16 in file "C:\Program Files (x86)\Microchip\xc8\v1.41\sources\pic18\plib\XLCD\writdata.c"
 Parameters:    Size  Location     Type
  data            1    wreg     unsigned char 
 Auto vars:     Size  Location     Type
  data            1   18[COMRAM] unsigned char 
 Return value:  Size  Location     Type
                  1    wreg      void 
 Registers used:
		wreg, status,2, status,0, cstack
 Tracked objects:
		On entry : 
		On exit  : 
		Unchanged: 
 Data sizes:     COMRAM   BANK0   BANK1   BANK2   BANK3   BANK4   BANK5   BANK6   BANK7
      Params:         0       0       0       0       0       0       0       0       0
      Locals:         1       0       0       0       0       0       0       0       0
      Temps:          0       0       0       0       0       0       0       0       0
      Totals:         1       0       0       0       0       0       0       0       0
Total ram usage:        1 bytes
 Hardware stack levels used:    1
 Hardware stack levels required when called:    3
 This function calls:
		_DelayFor18TCY
 This function is called by:
		_putrsXLCD
 This function uses a non-reentrant model


 *************** function _trata_data *****************
 Defined at:
		line 203 in file "main.c"
 Parameters:    Size  Location     Type
		None
 Auto vars:     Size  Location     Type
		None
 Return value:  Size  Location     Type
                  1    wreg      void 
 Registers used:
		wreg, status,2, status,0
 Tracked objects:
		On entry : 
		On exit  : 
		Unchanged: 
 Data sizes:     COMRAM   BANK0   BANK1   BANK2   BANK3   BANK4   BANK5   BANK6   BANK7
      Params:         0       0       0       0       0       0       0       0       0
      Locals:         0       0       0       0       0       0       0       0       0
      Temps:          0       0       0       0       0       0       0       0       0
      Totals:         0       0       0       0       0       0       0       0       0
Total ram usage:        0 bytes
 Hardware stack levels used:    1
 Hardware stack levels required when called:    1
 This function calls:
		Nothing
 This function is called by:
		_main
 This function uses a non-reentrant model


 *************** function _maquinaEstado *****************
 Defined at:
		line 496 in file "main.c"
 Parameters:    Size  Location     Type
		None
 Auto vars:     Size  Location     Type
		None
 Return value:  Size  Location     Type
                  1    wreg      void 
 Registers used:
		wreg, fsr0l, fsr0h, fsr2l, fsr2h, status,2, status,0, tblptrl, tblptrh, tblptru, cstack
 Tracked objects:
		On entry : 
		On exit  : 
		Unchanged: 
 Data sizes:     COMRAM   BANK0   BANK1   BANK2   BANK3   BANK4   BANK5   BANK6   BANK7
      Params:         0       0       0       0       0       0       0       0       0
      Locals:         0       0       0       0       0       0       0       0       0
      Temps:          0       0       0       0       0       0       0       0       0
      Totals:         0       0       0       0       0       0       0       0       0
Total ram usage:        0 bytes
 Hardware stack levels used:    1
 Hardware stack levels required when called:    4
 This function calls:
		_enviaByte
		_trataComando
		_tx_data
		_verificaCRCBUFFCOM
 This function is called by:
		_main
 This function uses a non-reentrant model


 *************** function _verificaCRCBUFFCOM *****************
 Defined at:
		line 483 in file "main.c"
 Parameters:    Size  Location     Type
		None
 Auto vars:     Size  Location     Type
  crc             2    3[BANK0 ] unsigned int 
  CRC_OK          1    2[BANK0 ] unsigned char 
  crc2            1    1[BANK0 ] unsigned char 
  crc1            1    0[BANK0 ] unsigned char 
 Return value:  Size  Location     Type
                  1    wreg      void 
 Registers used:
		wreg, fsr2l, fsr2h, status,2, status,0, cstack
 Tracked objects:
		On entry : 
		On exit  : 
		Unchanged: 
 Data sizes:     COMRAM   BANK0   BANK1   BANK2   BANK3   BANK4   BANK5   BANK6   BANK7
      Params:         0       0       0       0       0       0       0       0       0
      Locals:         0       5       0       0       0       0       0       0       0
      Temps:          0       0       0       0       0       0       0       0       0
      Totals:         0       5       0       0       0       0       0       0       0
Total ram usage:        5 bytes
 Hardware stack levels used:    1
 Hardware stack levels required when called:    2
 This function calls:
		_crc16
 This function is called by:
		_maquinaEstado
 This function uses a non-reentrant model


 *************** function _tx_data *****************
 Defined at:
		line 537 in file "main.c"
 Parameters:    Size  Location     Type
		None
 Auto vars:     Size  Location     Type
  cont            2   17[COMRAM] int 
 Return value:  Size  Location     Type
                  1    wreg      void 
 Registers used:
		wreg, fsr2l, fsr2h, status,2, status,0
 Tracked objects:
		On entry : 
		On exit  : 
		Unchanged: 
 Data sizes:     COMRAM   BANK0   BANK1   BANK2   BANK3   BANK4   BANK5   BANK6   BANK7
      Params:         0       0       0       0       0       0       0       0       0
      Locals:         2       0       0       0       0       0       0       0       0
      Temps:          0       0       0       0       0       0       0       0       0
      Totals:         2       0       0       0       0       0       0       0       0
Total ram usage:        2 bytes
 Hardware stack levels used:    1
 Hardware stack levels required when called:    1
 This function calls:
		Nothing
 This function is called by:
		_maquinaEstado
 This function uses a non-reentrant model


 *************** function _trataComando *****************
 Defined at:
		line 398 in file "main.c"
 Parameters:    Size  Location     Type
		None
 Auto vars:     Size  Location     Type
  iterator        2    6[BANK0 ] int 
 Return value:  Size  Location     Type
                  1    wreg      void 
 Registers used:
		wreg, fsr0l, fsr0h, fsr2l, fsr2h, status,2, status,0, tblptrl, tblptrh, tblptru, cstack
 Tracked objects:
		On entry : 
		On exit  : 
		Unchanged: 
 Data sizes:     COMRAM   BANK0   BANK1   BANK2   BANK3   BANK4   BANK5   BANK6   BANK7
      Params:         0       0       0       0       0       0       0       0       0
      Locals:         0       2       0       0       0       0       0       0       0
      Temps:          0       2       0       0       0       0       0       0       0
      Totals:         0       4       0       0       0       0       0       0       0
Total ram usage:        4 bytes
 Hardware stack levels used:    1
 Hardware stack levels required when called:    3
 This function calls:
		_calculaCRCBUFFRESP
		_memcpy
 This function is called by:
		_maquinaEstado
 This function uses a non-reentrant model


 *************** function _calculaCRCBUFFRESP *****************
 Defined at:
		line 389 in file "main.c"
 Parameters:    Size  Location     Type
		None
 Auto vars:     Size  Location     Type
  crc             2    2[BANK0 ] unsigned int 
  crc2            1    1[BANK0 ] unsigned char 
  crc1            1    0[BANK0 ] unsigned char 
 Return value:  Size  Location     Type
                  1    wreg      void 
 Registers used:
		wreg, fsr0l, fsr0h, fsr2l, fsr2h, status,2, status,0, tblptrl, tblptrh, tblptru, cstack
 Tracked objects:
		On entry : 
		On exit  : 
		Unchanged: 
 Data sizes:     COMRAM   BANK0   BANK1   BANK2   BANK3   BANK4   BANK5   BANK6   BANK7
      Params:         0       0       0       0       0       0       0       0       0
      Locals:         0       4       0       0       0       0       0       0       0
      Temps:          3       0       0       0       0       0       0       0       0
      Totals:         3       4       0       0       0       0       0       0       0
Total ram usage:        7 bytes
 Hardware stack levels used:    1
 Hardware stack levels required when called:    2
 This function calls:
		_crc16
		_memcpy
 This function is called by:
		_trataComando
 This function uses a non-reentrant model


 *************** function _memcpy *****************
 Defined at:
		line 11 in file "C:\Program Files (x86)\Microchip\xc8\v1.41\sources\common\memcpy.c"
 Parameters:    Size  Location     Type
  d1              2   17[COMRAM] PTR void 
		 -> BUFFRESP(7), BUFFCOM(7), 
  s1              3   19[COMRAM] PTR const void 
		 -> ROM(32767), BUFFCOM(7), revisao(1), versao(1), 
  n               2   22[COMRAM] unsigned int 
 Auto vars:     Size  Location     Type
  s               3   24[COMRAM] PTR const unsigned char 
		 -> ROM(32767), BUFFCOM(7), revisao(1), versao(1), 
  d               2   27[COMRAM] PTR unsigned char 
		 -> BUFFRESP(7), BUFFCOM(7), 
 Return value:  Size  Location     Type
                  2   17[COMRAM] PTR void 
 Registers used:
		wreg, fsr0l, fsr0h, fsr2l, fsr2h, status,2, status,0, tblptrl, tblptrh, tblptru
 Tracked objects:
		On entry : 
		On exit  : 
		Unchanged: 
 Data sizes:     COMRAM   BANK0   BANK1   BANK2   BANK3   BANK4   BANK5   BANK6   BANK7
      Params:         7       0       0       0       0       0       0       0       0
      Locals:         5       0       0       0       0       0       0       0       0
      Temps:          0       0       0       0       0       0       0       0       0
      Totals:        12       0       0       0       0       0       0       0       0
Total ram usage:       12 bytes
 Hardware stack levels used:    1
 Hardware stack levels required when called:    1
 This function calls:
		Nothing
 This function is called by:
		_calculaCRCBUFFRESP
		_trataComando
 This function uses a non-reentrant model


 *************** function _crc16 *****************
 Defined at:
		line 368 in file "main.c"
 Parameters:    Size  Location     Type
  data_p          2   17[COMRAM] PTR unsigned char 
		 -> BUFFCOM(7), 
  length          2   19[COMRAM] unsigned short 
 Auto vars:     Size  Location     Type
  crc             2   28[COMRAM] unsigned int 
  data            2   26[COMRAM] unsigned int 
  i               1   25[COMRAM] unsigned char 
 Return value:  Size  Location     Type
                  2   17[COMRAM] unsigned short 
 Registers used:
		wreg, fsr2l, fsr2h, status,2, status,0
 Tracked objects:
		On entry : 
		On exit  : 
		Unchanged: 
 Data sizes:     COMRAM   BANK0   BANK1   BANK2   BANK3   BANK4   BANK5   BANK6   BANK7
      Params:         4       0       0       0       0       0       0       0       0
      Locals:         5       0       0       0       0       0       0       0       0
      Temps:          4       0       0       0       0       0       0       0       0
      Totals:        13       0       0       0       0       0       0       0       0
Total ram usage:       13 bytes
 Hardware stack levels used:    1
 Hardware stack levels required when called:    1
 This function calls:
		Nothing
 This function is called by:
		_calculaCRCBUFFRESP
		_verificaCRCBUFFCOM
 This function uses a non-reentrant model


 *************** function _enviaByte *****************
 Defined at:
		line 525 in file "main.c"
 Parameters:    Size  Location     Type
  BYTE            1    wreg     unsigned char 
 Auto vars:     Size  Location     Type
  BYTE            1   17[COMRAM] unsigned char 
 Return value:  Size  Location     Type
                  1    wreg      void 
 Registers used:
		wreg, status,2, status,0
 Tracked objects:
		On entry : 
		On exit  : 
		Unchanged: 
 Data sizes:     COMRAM   BANK0   BANK1   BANK2   BANK3   BANK4   BANK5   BANK6   BANK7
      Params:         0       0       0       0       0       0       0       0       0
      Locals:         1       0       0       0       0       0       0       0       0
      Temps:          0       0       0       0       0       0       0       0       0
      Totals:         1       0       0       0       0       0       0       0       0
Total ram usage:        1 bytes
 Hardware stack levels used:    1
 Hardware stack levels required when called:    1
 This function calls:
		Nothing
 This function is called by:
		_maquinaEstado
 This function uses a non-reentrant model


 *************** function _init_XLCD *****************
 Defined at:
		line 251 in file "main.c"
 Parameters:    Size  Location     Type
		None
 Auto vars:     Size  Location     Type
		None
 Return value:  Size  Location     Type
                  1    wreg      void 
 Registers used:
		wreg, status,2, status,0, cstack
 Tracked objects:
		On entry : 
		On exit  : 
		Unchanged: 
 Data sizes:     COMRAM   BANK0   BANK1   BANK2   BANK3   BANK4   BANK5   BANK6   BANK7
      Params:         0       0       0       0       0       0       0       0       0
      Locals:         0       0       0       0       0       0       0       0       0
      Temps:          0       0       0       0       0       0       0       0       0
      Totals:         0       0       0       0       0       0       0       0       0
Total ram usage:        0 bytes
 Hardware stack levels used:    1
 Hardware stack levels required when called:    5
 This function calls:
		_BusyXLCD
		_OpenXLCD
		_WriteCmdXLCD
 This function is called by:
		_main
 This function uses a non-reentrant model


 *************** function _OpenXLCD *****************
 Defined at:
		line 19 in file "C:\Program Files (x86)\Microchip\xc8\v1.41\sources\pic18\plib\XLCD\openxlcd.c"
 Parameters:    Size  Location     Type
  lcdtype         1    wreg     unsigned char 
 Auto vars:     Size  Location     Type
  lcdtype         1   22[COMRAM] unsigned char 
 Return value:  Size  Location     Type
                  1    wreg      void 
 Registers used:
		wreg, status,2, status,0, cstack
 Tracked objects:
		On entry : 
		On exit  : 
		Unchanged: 
 Data sizes:     COMRAM   BANK0   BANK1   BANK2   BANK3   BANK4   BANK5   BANK6   BANK7
      Params:         0       0       0       0       0       0       0       0       0
      Locals:         1       0       0       0       0       0       0       0       0
      Temps:          0       0       0       0       0       0       0       0       0
      Totals:         1       0       0       0       0       0       0       0       0
Total ram usage:        1 bytes
 Hardware stack levels used:    1
 Hardware stack levels required when called:    4
 This function calls:
		_BusyXLCD
		_Delay10KTCYx
		_DelayPORXLCD
		_SetDDRamAddr
		_WriteCmdXLCD
 This function is called by:
		_init_XLCD
 This function uses a non-reentrant model


 *************** function _WriteCmdXLCD *****************
 Defined at:
		line 13 in file "C:\Program Files (x86)\Microchip\xc8\v1.41\sources\pic18\plib\XLCD\wcmdxlcd.c"
 Parameters:    Size  Location     Type
  cmd             1    wreg     unsigned char 
 Auto vars:     Size  Location     Type
  cmd             1   18[COMRAM] unsigned char 
 Return value:  Size  Location     Type
                  1    wreg      void 
 Registers used:
		wreg, status,2, status,0, cstack
 Tracked objects:
		On entry : 
		On exit  : 
		Unchanged: 
 Data sizes:     COMRAM   BANK0   BANK1   BANK2   BANK3   BANK4   BANK5   BANK6   BANK7
      Params:         0       0       0       0       0       0       0       0       0
      Locals:         1       0       0       0       0       0       0       0       0
      Temps:          0       0       0       0       0       0       0       0       0
      Totals:         1       0       0       0       0       0       0       0       0
Total ram usage:        1 bytes
 Hardware stack levels used:    1
 Hardware stack levels required when called:    3
 This function calls:
		_DelayFor18TCY
 This function is called by:
		_init_XLCD
		_OpenXLCD
 This function uses a non-reentrant model


 *************** function _SetDDRamAddr *****************
 Defined at:
		line 13 in file "C:\Program Files (x86)\Microchip\xc8\v1.41\sources\pic18\plib\XLCD\setddram.c"
 Parameters:    Size  Location     Type
  DDaddr          1    wreg     unsigned char 
 Auto vars:     Size  Location     Type
  DDaddr          1   21[COMRAM] unsigned char 
 Return value:  Size  Location     Type
                  1    wreg      void 
 Registers used:
		wreg, status,2, status,0, cstack
 Tracked objects:
		On entry : 
		On exit  : 
		Unchanged: 
 Data sizes:     COMRAM   BANK0   BANK1   BANK2   BANK3   BANK4   BANK5   BANK6   BANK7
      Params:         0       0       0       0       0       0       0       0       0
      Locals:         1       0       0       0       0       0       0       0       0
      Temps:          3       0       0       0       0       0       0       0       0
      Totals:         4       0       0       0       0       0       0       0       0
Total ram usage:        4 bytes
 Hardware stack levels used:    1
 Hardware stack levels required when called:    3
 This function calls:
		_DelayFor18TCY
 This function is called by:
		_tela_1
		_tela_2
		_tela_3
		_tela_4
		_limpa_tela
		_OpenXLCD
 This function uses a non-reentrant model


 *************** function _DelayPORXLCD *****************
 Defined at:
		line 357 in file "main.c"
 Parameters:    Size  Location     Type
		None
 Auto vars:     Size  Location     Type
		None
 Return value:  Size  Location     Type
                  1    wreg      void 
 Registers used:
		wreg, cstack
 Tracked objects:
		On entry : 
		On exit  : 
		Unchanged: 
 Data sizes:     COMRAM   BANK0   BANK1   BANK2   BANK3   BANK4   BANK5   BANK6   BANK7
      Params:         0       0       0       0       0       0       0       0       0
      Locals:         0       0       0       0       0       0       0       0       0
      Temps:          0       0       0       0       0       0       0       0       0
      Totals:         0       0       0       0       0       0       0       0       0
Total ram usage:        0 bytes
 Hardware stack levels used:    1
 Hardware stack levels required when called:    2
 This function calls:
		_Delay1KTCYx
 This function is called by:
		_OpenXLCD
 This function uses a non-reentrant model


 *************** function _Delay1KTCYx *****************
 Defined at:
		line 8 in file "C:\Program Files (x86)\Microchip\xc8\v1.41\sources\pic18\d1ktcyx.c"
 Parameters:    Size  Location     Type
  unit            1    wreg     unsigned char 
 Auto vars:     Size  Location     Type
  unit            1   17[COMRAM] unsigned char 
 Return value:  Size  Location     Type
                  1    wreg      void 
 Registers used:
		wreg
 Tracked objects:
		On entry : 
		On exit  : 
		Unchanged: 
 Data sizes:     COMRAM   BANK0   BANK1   BANK2   BANK3   BANK4   BANK5   BANK6   BANK7
      Params:         0       0       0       0       0       0       0       0       0
      Locals:         1       0       0       0       0       0       0       0       0
      Temps:          0       0       0       0       0       0       0       0       0
      Totals:         1       0       0       0       0       0       0       0       0
Total ram usage:        1 bytes
 Hardware stack levels used:    1
 Hardware stack levels required when called:    1
 This function calls:
		Nothing
 This function is called by:
		_DelayPORXLCD
		_DelayXLCD
 This function uses a non-reentrant model


 *************** function _Delay10KTCYx *****************
 Defined at:
		line 8 in file "C:\Program Files (x86)\Microchip\xc8\v1.41\sources\pic18\d10ktcyx.c"
 Parameters:    Size  Location     Type
  unit            1    wreg     unsigned char 
 Auto vars:     Size  Location     Type
  unit            1   18[COMRAM] unsigned char 
 Return value:  Size  Location     Type
                  1    wreg      void 
 Registers used:
		wreg
 Tracked objects:
		On entry : 
		On exit  : 
		Unchanged: 
 Data sizes:     COMRAM   BANK0   BANK1   BANK2   BANK3   BANK4   BANK5   BANK6   BANK7
      Params:         0       0       0       0       0       0       0       0       0
      Locals:         1       0       0       0       0       0       0       0       0
      Temps:          1       0       0       0       0       0       0       0       0
      Totals:         2       0       0       0       0       0       0       0       0
Total ram usage:        2 bytes
 Hardware stack levels used:    1
 Hardware stack levels required when called:    1
 This function calls:
		Nothing
 This function is called by:
		_OpenXLCD
 This function uses a non-reentrant model


 *************** function _BusyXLCD *****************
 Defined at:
		line 11 in file "C:\Program Files (x86)\Microchip\xc8\v1.41\sources\pic18\plib\XLCD\busyxlcd.c"
 Parameters:    Size  Location     Type
		None
 Auto vars:     Size  Location     Type
		None
 Return value:  Size  Location     Type
                  1    wreg      unsigned char 
 Registers used:
		wreg, cstack
 Tracked objects:
		On entry : 
		On exit  : 
		Unchanged: 
 Data sizes:     COMRAM   BANK0   BANK1   BANK2   BANK3   BANK4   BANK5   BANK6   BANK7
      Params:         0       0       0       0       0       0       0       0       0
      Locals:         0       0       0       0       0       0       0       0       0
      Temps:          0       0       0       0       0       0       0       0       0
      Totals:         0       0       0       0       0       0       0       0       0
Total ram usage:        0 bytes
 Hardware stack levels used:    1
 Hardware stack levels required when called:    3
 This function calls:
		_DelayFor18TCY
 This function is called by:
		_init_XLCD
		_OpenXLCD
		_putrsXLCD
 This function uses a non-reentrant model


 *************** function _DelayFor18TCY *****************
 Defined at:
		line 353 in file "main.c"
 Parameters:    Size  Location     Type
		None
 Auto vars:     Size  Location     Type
		None
 Return value:  Size  Location     Type
                  1    wreg      void 
 Registers used:
		wreg, cstack
 Tracked objects:
		On entry : 
		On exit  : 
		Unchanged: 
 Data sizes:     COMRAM   BANK0   BANK1   BANK2   BANK3   BANK4   BANK5   BANK6   BANK7
      Params:         0       0       0       0       0       0       0       0       0
      Locals:         0       0       0       0       0       0       0       0       0
      Temps:          0       0       0       0       0       0       0       0       0
      Totals:         0       0       0       0       0       0       0       0       0
Total ram usage:        0 bytes
 Hardware stack levels used:    1
 Hardware stack levels required when called:    2
 This function calls:
		_Delay10TCYx
 This function is called by:
		_BusyXLCD
		_SetDDRamAddr
		_WriteCmdXLCD
		_WriteDataXLCD
 This function uses a non-reentrant model


 *************** function _Delay10TCYx *****************
 Defined at:
		line 8 in file "C:\Program Files (x86)\Microchip\xc8\v1.41\sources\pic18\d10tcyx.c"
 Parameters:    Size  Location     Type
  unit            1    wreg     unsigned char 
 Auto vars:     Size  Location     Type
  unit            1   17[COMRAM] unsigned char 
 Return value:  Size  Location     Type
                  1    wreg      void 
 Registers used:
		wreg
 Tracked objects:
		On entry : 
		On exit  : 
		Unchanged: 
 Data sizes:     COMRAM   BANK0   BANK1   BANK2   BANK3   BANK4   BANK5   BANK6   BANK7
      Params:         0       0       0       0       0       0       0       0       0
      Locals:         1       0       0       0       0       0       0       0       0
      Temps:          0       0       0       0       0       0       0       0       0
      Totals:         1       0       0       0       0       0       0       0       0
Total ram usage:        1 bytes
 Hardware stack levels used:    1
 Hardware stack levels required when called:    1
 This function calls:
		Nothing
 This function is called by:
		_DelayFor18TCY
 This function uses a non-reentrant model


 *************** function _despertar *****************
 Defined at:
		line 240 in file "main.c"
 Parameters:    Size  Location     Type
		None
 Auto vars:     Size  Location     Type
		None
 Return value:  Size  Location     Type
                  1    wreg      void 
 Registers used:
		wreg, status,2, status,0
 Tracked objects:
		On entry : 
		On exit  : 
		Unchanged: 
 Data sizes:     COMRAM   BANK0   BANK1   BANK2   BANK3   BANK4   BANK5   BANK6   BANK7
      Params:         0       0       0       0       0       0       0       0       0
      Locals:         0       0       0       0       0       0       0       0       0
      Temps:          0       0       0       0       0       0       0       0       0
      Totals:         0       0       0       0       0       0       0       0       0
Total ram usage:        0 bytes
 Hardware stack levels used:    1
 Hardware stack levels required when called:    1
 This function calls:
		Nothing
 This function is called by:
		_main
 This function uses a non-reentrant model


 *************** function _pic_isr *****************
 Defined at:
		line 258 in file "main.c"
 Parameters:    Size  Location     Type
		None
 Auto vars:     Size  Location     Type
		None
 Return value:  Size  Location     Type
                  1    wreg      void 
 Registers used:
		wreg, fsr2l, fsr2h, status,2, status,0
 Tracked objects:
		On entry : 
		On exit  : 
		Unchanged: 
 Data sizes:     COMRAM   BANK0   BANK1   BANK2   BANK3   BANK4   BANK5   BANK6   BANK7
      Params:         0       0       0       0       0       0       0       0       0
      Locals:         0       0       0       0       0       0       0       0       0
      Temps:         17       0       0       0       0       0       0       0       0
      Totals:        17       0       0       0       0       0       0       0       0
Total ram usage:       17 bytes
 Hardware stack levels used:    1
 This function calls:
		Nothing
 This function is called by:
		Interrupt level 1
 This function uses a non-reentrant model



MODULE INFORMATION

Module		Function		Class		Link	Load	Size
C:\Program Files (x86)\Microchip\xc8\v1.41\sources\common\lwdiv.c
		___lwdiv       		CODE           	11E8	0000	83

C:\Program Files (x86)\Microchip\xc8\v1.41\sources\common\lwdiv.c estimated size: 83

C:\Program Files (x86)\Microchip\xc8\v1.41\sources\pic18\d10tcyx.c
		_Delay10TCYx   		CODE           	1590	0000	17

C:\Program Files (x86)\Microchip\xc8\v1.41\sources\pic18\d10tcyx.c estimated size: 17

C:\Program Files (x86)\Microchip\xc8\v1.41\sources\common\doprnt.c
		_sprintf       		CODE           	0A48	0000	395

C:\Program Files (x86)\Microchip\xc8\v1.41\sources\common\doprnt.c estimated size: 395

C:\Program Files (x86)\Microchip\xc8\v1.41\sources\pic18\plib\XLCD\openxlcd.c
		_OpenXLCD      		CODE           	0D4A	0000	165

C:\Program Files (x86)\Microchip\xc8\v1.41\sources\pic18\plib\XLCD\openxlcd.c estimated size: 165

C:\Program Files (x86)\Microchip\xc8\v1.41\sources\common\memcpy.c
		_memcpy        		CODE           	0FD6	0000	99

C:\Program Files (x86)\Microchip\xc8\v1.41\sources\common\memcpy.c estimated size: 99

C:\Program Files (x86)\Microchip\xc8\v1.41\sources\pic18\plib\XLCD\wcmdxlcd.c
		_WriteCmdXLCD  		CODE           	13E8	0000	63

C:\Program Files (x86)\Microchip\xc8\v1.41\sources\pic18\plib\XLCD\wcmdxlcd.c estimated size: 63

C:\Program Files (x86)\Microchip\xc8\v1.41\sources\pic18\plib\XLCD\busyxlcd.c
		_BusyXLCD      		CODE           	1426	0000	59

C:\Program Files (x86)\Microchip\xc8\v1.41\sources\pic18\plib\XLCD\busyxlcd.c estimated size: 59

C:\Program Files (x86)\Microchip\xc8\v1.41\sources\pic18\d1ktcyx.c
		_Delay1KTCYx   		CODE           	1580	0000	17

C:\Program Files (x86)\Microchip\xc8\v1.41\sources\pic18\d1ktcyx.c estimated size: 17

shared
		_dpowers       		SMALLCONST     	0801	0000	11
		__initialization		CODE           	1326	0000	57

shared estimated size: 68

C:\Program Files (x86)\Microchip\xc8\v1.41\sources\common\lwmod.c
		___lwmod       		CODE           	1368	0000	67

C:\Program Files (x86)\Microchip\xc8\v1.41\sources\common\lwmod.c estimated size: 67

C:\Program Files (x86)\Microchip\xc8\v1.41\sources\pic18\plib\XLCD\writdata.c
		_WriteDataXLCD 		CODE           	13AA	0000	63

C:\Program Files (x86)\Microchip\xc8\v1.41\sources\pic18\plib\XLCD\writdata.c estimated size: 63

C:\Program Files (x86)\Microchip\xc8\v1.41\sources\pic18\plib\XLCD\setddram.c
		_SetDDRamAddr  		CODE           	123A	0000	83

C:\Program Files (x86)\Microchip\xc8\v1.41\sources\pic18\plib\XLCD\setddram.c estimated size: 83

C:\Program Files (x86)\Microchip\xc8\v1.41\sources\pic18\d10ktcyx.c
		_Delay10KTCYx  		CODE           	156A	0000	23

C:\Program Files (x86)\Microchip\xc8\v1.41\sources\pic18\d10ktcyx.c estimated size: 23

main.c
		_pic_isr       		CODE           	0018	0000	233
		_tela_2        		CODE           	1196	0000	83
		_maquinaEstado 		CODE           	12DA	0000	77
		_trataComando  		CODE           	0862	0000	487
		_trata_data    		CODE           	10EE	0000	87
		_telas         		CODE           	0E70	0000	129
		_troca_telas   		CODE           	1498	0000	41
		_enviaByte     		CODE           	152E	0000	31
		_despertar     		CODE           	14C0	0000	41
		_main          		CODE           	0F66	0000	113
		_DelayFor18TCY 		CODE           	15B4	0000	9
		_crc16         		CODE           	0BD2	0000	211
		_tela_3        		CODE           	1144	0000	83
		_trata_despertador		CODE           	0EF0	0000	119
		_verificaCRCBUFFCOM		CODE           	1094	0000	91
		_tela_1        		CODE           	0CA4	0000	167
		_DelayPORXLCD  		CODE           	15AC	0000	9
		_tela_4        		CODE           	128C	0000	79
		_calculaCRCBUFFRESP		CODE           	0DEE	0000	131
		_trata_hora    		CODE           	150E	0000	33
		_tx_data       		CODE           	1460	0000	57
		_init_XLCD     		CODE           	154C	0000	31
		_limpa_tela    		CODE           	14E8	0000	39

main.c estimated size: 2381

C:\Program Files (x86)\Microchip\xc8\v1.41\sources\pic18\plib\XLCD\putrxlcd.c
		_putrsXLCD     		CODE           	1038	0000	93

C:\Program Files (x86)\Microchip\xc8\v1.41\sources\pic18\plib\XLCD\putrxlcd.c estimated size: 93

